{
    "references": {
        "EmptyClass": [
            "./methodReturnType.php"
        ],
        "FooClass": [
            "./methodReturnType.php"
        ]
    },
    "definitions": {
        "FooClass": {
            "fqn": "FooClass",
            "extends": [
                "EmptyClass"
            ],
            "isMember": false,
            "roamed": false,
            "isStatic": false,
            "canBeInstantiated": true,
            "symbolInformation": {
                "name": "FooClass",
                "kind": 5,
                "location": {
                    "uri": "./methodReturnType.php"
                },
                "containerName": ""
            },
            "type": null,
            "declarationLine": "class FooClass extends EmptyClass",
            "documentation": null,
            "signatureInformation": null
        },
        "FooClass->foo()": {
            "fqn": "FooClass->foo()",
            "extends": [],
            "isMember": true,
            "roamed": false,
            "isStatic": false,
            "canBeInstantiated": false,
            "symbolInformation": {
                "name": "foo",
                "kind": 6,
                "location": {
                    "uri": "./methodReturnType.php"
                },
                "containerName": "FooClass"
            },
            "type__tostring": "\\FooClass",
            "type": {},
            "declarationLine": "public function FooClass::foo(): FooClass",
            "documentation": null,
            "signatureInformation": {
                "label": "()",
                "parameters": []
            }
        },
        "FooClass->bar()": {
            "fqn": "FooClass->bar()",
            "extends": [],
            "isMember": true,
            "roamed": false,
            "isStatic": false,
            "canBeInstantiated": false,
            "symbolInformation": {
                "name": "bar",
                "kind": 6,
                "location": {
                    "uri": "./methodReturnType.php"
                },
                "containerName": "FooClass"
            },
            "type__tostring": "\\FooClass",
            "type": {},
            "declarationLine": "public function FooClass::bar()",
            "documentation": "",
            "signatureInformation": {
                "label": "()",
                "documentation": "",
                "parameters": []
            }
        },
        "FooClass->baz()": {
            "fqn": "FooClass->baz()",
            "extends": [],
            "isMember": true,
            "roamed": false,
            "isStatic": false,
            "canBeInstantiated": false,
            "symbolInformation": {
                "name": "baz",
                "kind": 6,
                "location": {
                    "uri": "./methodReturnType.php"
                },
                "containerName": "FooClass"
            },
            "type__tostring": "static",
            "type": {},
            "declarationLine": "public function FooClass::baz()",
            "documentation": "",
            "signatureInformation": {
                "label": "()",
                "documentation": "",
                "parameters": []
            }
        },
        "FooClass->buz()": {
            "fqn": "FooClass->buz()",
            "extends": [],
            "isMember": true,
            "roamed": false,
            "isStatic": false,
            "canBeInstantiated": false,
            "symbolInformation": {
                "name": "buz",
                "kind": 6,
                "location": {
                    "uri": "./methodReturnType.php"
                },
                "containerName": "FooClass"
            },
            "type__tostring": "\\EmptyClass",
            "type": {},
            "declarationLine": "public function FooClass::buz()",
            "documentation": "",
            "signatureInformation": {
                "label": "()",
                "documentation": "",
                "parameters": []
            }
        }
    }
}